/home/user1/cat
/var/lib/docker/overlay2/1d5e4d0d1370a40c2cf01282fc45140b4a00502192fcec73acb595f724aad670/merged/usr/bin/chfn
/var/lib/docker/overlay2/1d5e4d0d1370a40c2cf01282fc45140b4a00502192fcec73acb595f724aad670/merged/usr/bin/mount
/var/lib/docker/overlay2/1d5e4d0d1370a40c2cf01282fc45140b4a00502192fcec73acb595f724aad670/merged/usr/bin/chsh
/var/lib/docker/overlay2/1d5e4d0d1370a40c2cf01282fc45140b4a00502192fcec73acb595f724aad670/merged/usr/bin/su
/var/lib/docker/overlay2/1d5e4d0d1370a40c2cf01282fc45140b4a00502192fcec73acb595f724aad670/merged/usr/bin/gpasswd
/var/lib/docker/overlay2/1d5e4d0d1370a40c2cf01282fc45140b4a00502192fcec73acb595f724aad670/merged/usr/bin/passwd
/var/lib/docker/overlay2/1d5e4d0d1370a40c2cf01282fc45140b4a00502192fcec73acb595f724aad670/merged/usr/bin/newgrp
/var/lib/docker/overlay2/1d5e4d0d1370a40c2cf01282fc45140b4a00502192fcec73acb595f724aad670/merged/usr/bin/umount
/var/lib/docker/overlay2/d963094846802f831953056298427830e9080e634b2aa57f6c508fb8f3bfe979/diff/usr/bin/chfn
/var/lib/docker/overlay2/d963094846802f831953056298427830e9080e634b2aa57f6c508fb8f3bfe979/diff/usr/bin/mount
/var/lib/docker/overlay2/d963094846802f831953056298427830e9080e634b2aa57f6c508fb8f3bfe979/diff/usr/bin/chsh
/var/lib/docker/overlay2/d963094846802f831953056298427830e9080e634b2aa57f6c508fb8f3bfe979/diff/usr/bin/su
/var/lib/docker/overlay2/d963094846802f831953056298427830e9080e634b2aa57f6c508fb8f3bfe979/diff/usr/bin/gpasswd
/var/lib/docker/overlay2/d963094846802f831953056298427830e9080e634b2aa57f6c508fb8f3bfe979/diff/usr/bin/passwd
/var/lib/docker/overlay2/d963094846802f831953056298427830e9080e634b2aa57f6c508fb8f3bfe979/diff/usr/bin/newgrp
/var/lib/docker/overlay2/d963094846802f831953056298427830e9080e634b2aa57f6c508fb8f3bfe979/diff/usr/bin/umount
/usr/bin/pkexec
/usr/bin/chfn
/usr/bin/mount
/usr/bin/fusermount
/usr/bin/chsh
/usr/bin/su
/usr/bin/at
/usr/bin/sudo
/usr/bin/gpasswd
/usr/bin/passwd
/usr/bin/newgrp
/usr/bin/umount
/usr/lib/dbus-1.0/dbus-daemon-launch-helper
/usr/lib/policykit-1/polkit-agent-helper-1
/usr/lib/openssh/ssh-keysign
/usr/lib/eject/dmcrypt-get-device
